// Jest Snapshot v1, https://goo.gl/fbAQLP

exports[`Todolist with many items 1`] = `"<div><h3>Pending Items (30)</h3><ul class=\\"sc-gsnTZi foEsZO\\"><li class=\\"sc-bczRLJ eSbABr\\" style=\\"user-select: none; webkit-user-drag: none; -webkit-tap-highlight-color: rgba(0, 0, 0, 0);\\">Todo Item 1</li><li class=\\"sc-bczRLJ eSbABr\\" style=\\"user-select: none; webkit-user-drag: none; -webkit-tap-highlight-color: rgba(0, 0, 0, 0);\\">Todo Item 2</li><li class=\\"sc-bczRLJ eSbABr\\" style=\\"user-select: none; webkit-user-drag: none; -webkit-tap-highlight-color: rgba(0, 0, 0, 0);\\">Todo Item 3</li><li class=\\"sc-bczRLJ eSbABr\\" style=\\"user-select: none; webkit-user-drag: none; -webkit-tap-highlight-color: rgba(0, 0, 0, 0);\\">Todo Item 4</li><li class=\\"sc-bczRLJ eSbABr\\" style=\\"user-select: none; webkit-user-drag: none; -webkit-tap-highlight-color: rgba(0, 0, 0, 0);\\">Todo Item 5</li><li class=\\"sc-bczRLJ jcrRth\\" style=\\"user-select: none; webkit-user-drag: none; -webkit-tap-highlight-color: rgba(0, 0, 0, 0);\\">Todo Item 6</li><li class=\\"sc-bczRLJ eSbABr\\" style=\\"user-select: none; webkit-user-drag: none; -webkit-tap-highlight-color: rgba(0, 0, 0, 0);\\">Todo Item 7</li><li class=\\"sc-bczRLJ eSbABr\\" style=\\"user-select: none; webkit-user-drag: none; -webkit-tap-highlight-color: rgba(0, 0, 0, 0);\\">Todo Item 8</li><li class=\\"sc-bczRLJ eSbABr\\" style=\\"user-select: none; webkit-user-drag: none; -webkit-tap-highlight-color: rgba(0, 0, 0, 0);\\">Todo Item 9</li><li class=\\"sc-bczRLJ jcrRth\\" style=\\"user-select: none; webkit-user-drag: none; -webkit-tap-highlight-color: rgba(0, 0, 0, 0);\\">Todo Item 10</li><li class=\\"sc-bczRLJ eSbABr\\" style=\\"user-select: none; webkit-user-drag: none; -webkit-tap-highlight-color: rgba(0, 0, 0, 0);\\">Todo Item 11</li><li class=\\"sc-bczRLJ jcrRth\\" style=\\"user-select: none; webkit-user-drag: none; -webkit-tap-highlight-color: rgba(0, 0, 0, 0);\\">Todo Item 12</li><li class=\\"sc-bczRLJ jcrRth\\" style=\\"user-select: none; webkit-user-drag: none; -webkit-tap-highlight-color: rgba(0, 0, 0, 0);\\">Todo Item 13</li><li class=\\"sc-bczRLJ jcrRth\\" style=\\"user-select: none; webkit-user-drag: none; -webkit-tap-highlight-color: rgba(0, 0, 0, 0);\\">Todo Item 14</li><li class=\\"sc-bczRLJ eSbABr\\" style=\\"user-select: none; webkit-user-drag: none; -webkit-tap-highlight-color: rgba(0, 0, 0, 0);\\">Todo Item 15</li><li class=\\"sc-bczRLJ eSbABr\\" style=\\"user-select: none; webkit-user-drag: none; -webkit-tap-highlight-color: rgba(0, 0, 0, 0);\\">Todo Item 16</li><li class=\\"sc-bczRLJ eSbABr\\" style=\\"user-select: none; webkit-user-drag: none; -webkit-tap-highlight-color: rgba(0, 0, 0, 0);\\">Todo Item 17</li><li class=\\"sc-bczRLJ jcrRth\\" style=\\"user-select: none; webkit-user-drag: none; -webkit-tap-highlight-color: rgba(0, 0, 0, 0);\\">Todo Item 18</li><li class=\\"sc-bczRLJ jcrRth\\" style=\\"user-select: none; webkit-user-drag: none; -webkit-tap-highlight-color: rgba(0, 0, 0, 0);\\">Todo Item 19</li><li class=\\"sc-bczRLJ eSbABr\\" style=\\"user-select: none; webkit-user-drag: none; -webkit-tap-highlight-color: rgba(0, 0, 0, 0);\\">Todo Item 20</li><li class=\\"sc-bczRLJ jcrRth\\" style=\\"user-select: none; webkit-user-drag: none; -webkit-tap-highlight-color: rgba(0, 0, 0, 0);\\">Todo Item 21</li><li class=\\"sc-bczRLJ eSbABr\\" style=\\"user-select: none; webkit-user-drag: none; -webkit-tap-highlight-color: rgba(0, 0, 0, 0);\\">Todo Item 22</li><li class=\\"sc-bczRLJ jcrRth\\" style=\\"user-select: none; webkit-user-drag: none; -webkit-tap-highlight-color: rgba(0, 0, 0, 0);\\">Todo Item 23</li><li class=\\"sc-bczRLJ jcrRth\\" style=\\"user-select: none; webkit-user-drag: none; -webkit-tap-highlight-color: rgba(0, 0, 0, 0);\\">Todo Item 24</li><li class=\\"sc-bczRLJ jcrRth\\" style=\\"user-select: none; webkit-user-drag: none; -webkit-tap-highlight-color: rgba(0, 0, 0, 0);\\">Todo Item 25</li><li class=\\"sc-bczRLJ eSbABr\\" style=\\"user-select: none; webkit-user-drag: none; -webkit-tap-highlight-color: rgba(0, 0, 0, 0);\\">Todo Item 26</li><li class=\\"sc-bczRLJ jcrRth\\" style=\\"user-select: none; webkit-user-drag: none; -webkit-tap-highlight-color: rgba(0, 0, 0, 0);\\">Todo Item 27</li><li class=\\"sc-bczRLJ jcrRth\\" style=\\"user-select: none; webkit-user-drag: none; -webkit-tap-highlight-color: rgba(0, 0, 0, 0);\\">Todo Item 28</li><li class=\\"sc-bczRLJ eSbABr\\" style=\\"user-select: none; webkit-user-drag: none; -webkit-tap-highlight-color: rgba(0, 0, 0, 0);\\">Todo Item 29</li><li class=\\"sc-bczRLJ eSbABr\\" style=\\"user-select: none; webkit-user-drag: none; -webkit-tap-highlight-color: rgba(0, 0, 0, 0);\\">Todo Item 30</li></ul></div>"`;

exports[`Todolist with no items 1`] = `"<p>No Items</p>"`;
